// Jest Snapshot v1, https://goo.gl/fbAQLP

exports[`BFSecondaryButton snapshot 1`] = `
<View
  accessible={true}
  focusable={true}
  onClick={[Function]}
  onResponderGrant={[Function]}
  onResponderMove={[Function]}
  onResponderRelease={[Function]}
  onResponderTerminate={[Function]}
  onResponderTerminationRequest={[Function]}
  onStartShouldSetResponder={[Function]}
  style={
    Object {
      "alignContent": "center",
      "alignItems": "center",
      "backgroundColor": "#FFFFFF",
      "flexDirection": "row",
      "justifyContent": "space-between",
      "opacity": 1,
      "paddingBottom": 24,
      "paddingTop": 24,
    }
  }
>
  <Text
    style={
      Array [
        Object {
          "fontFamily": "HeadingProTreble-Heavy",
        },
        Object {
          "flex": 1,
          "marginLeft": 18,
        },
        Object {
          "fontSize": 14,
        },
        undefined,
        undefined,
        undefined,
        undefined,
      ]
    }
  >
    Button
  </Text>
</View>
`;
